# serializer version: 1
# name: test_repr
  '''
  name: my-app
  opt_bool: null
  opt_float: null
  opt_int: null
  opt_str: null
  some_bool: true
  some_float: 1.0
  some_int: 1
  some_other: !!python/object:tests.conftest.Other
    name: default
  some_str: some_str
  
  '''
# ---
