# serializer version: 1
# name: test_snowpark_function_flow[.gitignore]
  '''
  .packages/
  .venv/
  app.zip
  __pycache__
  
  '''
# ---
# name: test_snowpark_function_flow[app.py]
  '''
  from __future__ import annotations
  
  import sys
  
  
  def hello(name: str) -> str:
      return f"Hello {name}!"
  
  
  # For local debugging. Be aware you may need to type-convert arguments if
  # you add input parameters
  if __name__ == "__main__":
      if len(sys.argv) > 1:
          print(hello(sys.argv[1]))  # type: ignore
      else:
          print(hello("world"))
  
  '''
# ---
# name: test_snowpark_function_flow[requirements.txt]
  '''
  snowflake-snowpark-python
  
  '''
# ---
# name: test_snowpark_function_flow[snowflake.yml]
  '''
  definition_version: 1
  functions:
    - name: hello
      handler: "app.hello"
      signature:
        - name: "name"
          type: "string"
      returns: string
  
  '''
# ---
